com/example/moviestorestudio/studio/dto/GetStudiosResponse$Studio.class
com/example/moviestorestudio/studio/dto/PatchStudioRequest$PatchStudioRequestBuilder.class
com/example/moviestorestudio/MovieStoreStudioApplication.class
com/example/moviestorestudio/studio/event/repository/api/StudioEventRepository.class
com/example/moviestorestudio/studio/dto/GetStudiosResponse.class
com/example/moviestorestudio/studio/function/RequestToStudioFunction.class
com/example/moviestorestudio/studio/function/StudiosToResponseFunction.class
com/example/moviestorestudio/studio/service/impl/StudioDefaultService.class
com/example/moviestorestudio/studio/dto/GetStudioResponse$GetStudioResponseBuilder.class
com/example/moviestorestudio/studio/service/api/StudioService.class
com/example/moviestorestudio/studio/event/repository/rest/StudioEventRestRepository.class
com/example/moviestorestudio/studio/dto/PutStudioRequest$PutStudioRequestBuilder.class
com/example/moviestorestudio/studio/controller/impl/StudioDefaultController.class
com/example/moviestorestudio/studio/dto/GetStudiosResponse$GetStudiosResponseBuilder.class
com/example/moviestorestudio/studio/entity/Studio.class
com/example/moviestorestudio/studio/dto/PutStudioRequest.class
com/example/moviestorestudio/studio/dto/GetStudiosResponse$Studio$StudioBuilder.class
com/example/moviestorestudio/studio/function/StudioToResponseFunction.class
com/example/moviestorestudio/studio/initialize/InitializeData.class
com/example/moviestorestudio/studio/dto/GetStudioResponse.class
com/example/moviestorestudio/studio/controller/api/StudioController.class
com/example/moviestorestudio/studio/dto/PatchStudioRequest.class
com/example/moviestorestudio/studio/repository/api/StudioRepository.class
com/example/moviestorestudio/studio/entity/Studio$StudioBuilder.class
com/example/moviestorestudio/studio/function/UpdateRequestToStudioFunction.class
