/Users/szymonmalecki/Desktop/Movies-Store/movie-store-studio/src/main/java/com/example/moviestorestudio/studio/service/api/StudioService.java
/Users/szymonmalecki/Desktop/Movies-Store/movie-store-studio/src/main/java/com/example/moviestorestudio/MovieStoreStudioApplication.java
/Users/szymonmalecki/Desktop/Movies-Store/movie-store-studio/src/main/java/com/example/moviestorestudio/studio/dto/PutStudioRequest.java
/Users/szymonmalecki/Desktop/Movies-Store/movie-store-studio/src/main/java/com/example/moviestorestudio/studio/entity/Studio.java
/Users/szymonmalecki/Desktop/Movies-Store/movie-store-studio/src/main/java/com/example/moviestorestudio/studio/function/StudioToResponseFunction.java
/Users/szymonmalecki/Desktop/Movies-Store/movie-store-studio/src/main/java/com/example/moviestorestudio/studio/controller/api/StudioController.java
/Users/szymonmalecki/Desktop/Movies-Store/movie-store-studio/src/main/java/com/example/moviestorestudio/studio/repository/api/StudioRepository.java
/Users/szymonmalecki/Desktop/Movies-Store/movie-store-studio/src/main/java/com/example/moviestorestudio/studio/function/RequestToStudioFunction.java
/Users/szymonmalecki/Desktop/Movies-Store/movie-store-studio/src/main/java/com/example/moviestorestudio/studio/service/impl/StudioDefaultService.java
/Users/szymonmalecki/Desktop/Movies-Store/movie-store-studio/src/main/java/com/example/moviestorestudio/studio/event/repository/rest/StudioEventRestRepository.java
/Users/szymonmalecki/Desktop/Movies-Store/movie-store-studio/src/main/java/com/example/moviestorestudio/studio/dto/GetStudioResponse.java
/Users/szymonmalecki/Desktop/Movies-Store/movie-store-studio/src/main/java/com/example/moviestorestudio/studio/dto/PatchStudioRequest.java
/Users/szymonmalecki/Desktop/Movies-Store/movie-store-studio/src/main/java/com/example/moviestorestudio/studio/dto/GetStudiosResponse.java
/Users/szymonmalecki/Desktop/Movies-Store/movie-store-studio/src/main/java/com/example/moviestorestudio/studio/controller/impl/StudioDefaultController.java
/Users/szymonmalecki/Desktop/Movies-Store/movie-store-studio/src/main/java/com/example/moviestorestudio/studio/event/repository/api/StudioEventRepository.java
/Users/szymonmalecki/Desktop/Movies-Store/movie-store-studio/src/main/java/com/example/moviestorestudio/studio/initialize/InitializeData.java
/Users/szymonmalecki/Desktop/Movies-Store/movie-store-studio/src/main/java/com/example/moviestorestudio/studio/function/UpdateRequestToStudioFunction.java
/Users/szymonmalecki/Desktop/Movies-Store/movie-store-studio/src/main/java/com/example/moviestorestudio/studio/function/StudiosToResponseFunction.java
